// Jest Snapshot v1, https://goo.gl/fbAQLP

exports[`Should render header correctly 1`] = `
<header
  className="header"
>
  <div
    className="content-container"
  >
    <div
      className="header__content"
    >
      <Link
        className="header__title"
        replace={false}
        to="/dashboard"
      >
        <h1>
          Expensify
        </h1>
      </Link>
      <h5
        className="noa"
      >
        אפליקציה זו מוקדשת לגברת נועה שיינוביץ הגיבורה שסוגרת שבת אחרי שבת למרות הקושי, אוהבים אותך נועה
      </h5>
      <button
        className="button button--link"
        onClick={[Function]}
      >
        Logout
      </button>
    </div>
  </div>
</header>
`;
